H8S,H8/300 SERIES C COMPILER (Ver. 2.0D for Evaluation) 9-Mar-2015  18:36:15  PAGE   1

************ SOURCE LISTING ************

FILE NAME: sample.c

  Seq File        Line Pi 0----+----1----+----2----+----3----+----4----+----5----+----6----+----7----+----8----+----9----+----0----+
    1 sample.c       1     unsigned char src_IP[4]; /* 送信元IPアドレス */
    2 sample.c       2     unsigned char src_MAC[6]; /* 送信元MACアドレス */
    3 sample.c       3     unsigned char dst_IP[4]; /* 宛先IPアドレス */
    4 sample.c       4     unsigned char dst_MAC[6]; /* 宛先MACアドレス */
    5 sample.c       5     unsigned char packet[256]; /* 送受信パケット用 */
    6 sample.c       6     
    7 sample.c       7     #include <string.h>
  105 sample.c       8     #include "H8_register.h"
  106 sample.c       9     #include "H8_register_function.h"
  107 sample.c      10     #include "RTL8019AS_register.h"
  146 sample.c      11     #include "timer_function.h"
  147 sample.c      12     #include "RTL8019AS_function.h"
  148 sample.c      13     #include "lcd_function.h"
  149 sample.c      14     #include "matrix_key_function.h"
  150 sample.c      15     #include "utility_function.h"
  301 sample.c      16     #include "global_variables.h"
  302 sample.c      17     #include "ARP_function.h"
  303 sample.c      18     #include "ping_function.h"
  340 sample.c      19     
  341 sample.c      20     void main(void)
  342 sample.c      21     {
  343 sample.c      22             ARP_PACKET *arp_packet; /* ARPパケット構造体 */
  344 sample.c      23             UDP_PACKET *udp_packet; /* pingパケット構造体 */
  345 sample.c      24             unsigned char packet_type; /* パケットタイプ判定用 */
  346 sample.c      25             char lcd_data[25];
  347 sample.c      26             int i,j,k;
  348 sample.c      27             /* 送信元IPアドレス  10.1.68.160*/
  349 sample.c      28             src_IP[0]=10;
  350 sample.c      29             src_IP[1]=1;
  351 sample.c      30             src_IP[2]=69;
  352 sample.c      31             src_IP[3]=139;
  353 sample.c      32     
  354 sample.c      33             H8_register_init(); /* H8レジスタ初期化・設定 */
  355 sample.c      34     
  356 sample.c      35             LCD_init(); /* LCD初期化 */
  357 sample.c      36     
  358 sample.c      37             NIC_init(); /* NIC初期化 */
  359 sample.c      38             LCD_control(0x01);/*LCD clear*/
  360 sample.c      39             LCD_control(0x80); /* カーソルを1行目の先頭に移動する */
  361 sample.c      40             ms_timer(1000); /* Wait */
  362 sample.c      41     
  363 sample.c      42             while(1){
  364 sample.c      43                     packet_type = 0;
  365 sample.c      44                     
  366 sample.c      45                     if (packet_receive(packet) != 1) /* パケットを受信したとき */
  367 sample.c      46                     {
  368 sample.c      47                             arp_packet = (ARP_PACKET *)packet; /* packetをARP_PACKET構造体に当てはめる */
  369 sample.c      48                             udp_packet = (UDP_PACKET *)packet; /* packetをUDP_PACKET構造体に当てはめる */
  370 sample.c      49                             if ((arp_packet -> eth_ethernet_type == 0x0806) && 
  371 sample.c      50                                     /* ARPのパケットのとき */
  372 sample.c      51                                     (IP_compare(arp_packet -> arp_dst_IP, src_IP) == 0) && 
  373 sample.c      52                                     /* パケットに記述されている宛先IPアドレスが送信元IPアドレスに一致したとき */
  374 sample.c      53                                     (arp_packet -> arp_operation == 1)
  375 sample.c      54                                     /* ARP Requestのとき */
  376 sample.c      55                                     )
  377 sample.c      56                             {
  378 sample.c      57                                     ARP_reply(packet);
  379 sample.c      58                             }
  380 sample.c      59                             if ((udp_packet -> eth_ethernet_type == 0x0800) && 
  381 sample.c      60                                     /* IPのパケットのとき */
  382 sample.c      61                                     (IP_compare(udp_packet -> ip_dst_IP, src_IP) == 0) && 
  383 sample.c      62                                     /* パケットに記述されている宛先IPアドレスが送信元IPアドレスに一致したとき */
  384 sample.c      63                                     (udp_packet -> ip_protocol == 17) && 
  385 sample.c      64                                     /* ICMPのパケットのとき */
  386 sample.c      65                                     (udp_packet -> udp_dst_port == 30000)
  387 sample.c      66                                     /* UDPポートが12345のとき */
  388 sample.c      67                                     )
  389 sample.c      68                             {
  390 sample.c      69                                     LCD_control(0x80);
  391 sample.c      70                                     for(i=0;i<25;i++)
  392 sample.c      71                                     {
  393 sample.c      72                                             if(i<8)lcd_data[i] = packet[42+i];
  394 sample.c      73                                             else lcd_data[i] = ' ';
  395 sample.c      74                                     }
  396 sample.c      75                     LCD_print(lcd_data);
  397 sample.c      76                     LCD_control(0x80);
  398 sample.c      77                     ms_timer(1500);
  399 sample.c      78                             }
  400 sample.c      79                     }
  401 sample.c      80             }
  402 sample.c      81     }
H8S,H8/300 SERIES C COMPILER (Ver. 2.0D for Evaluation) 9-Mar-2015  18:36:15  PAGE   1

*********** ERROR INFORMATION **********

FILE NAME: sample.c

File        Line Erno Lvl  Message
sample.c       8 2005 (E)  CANNOT OPEN INCLUDE
sample.c       9 2005 (E)  CANNOT OPEN INCLUDE
sample.c      11 2005 (E)  CANNOT OPEN INCLUDE
sample.c      12 2005 (E)  CANNOT OPEN INCLUDE
sample.c      13 2005 (E)  CANNOT OPEN INCLUDE
sample.c      14 2005 (E)  CANNOT OPEN INCLUDE
sample.c      16 2005 (E)  CANNOT OPEN INCLUDE
sample.c      17 2005 (E)  CANNOT OPEN INCLUDE
ping_funct     5 2225 (E)  UNDECLARED NAME: "PING_PACKET"
ping_funct     5 2225 (E)  UNDECLARED NAME: "ping_packet"
ping_funct     7 2500 (E)  ILLEGAL TOKEN: ")"
ping_funct    11 2204 (E)  ILLEGAL MEMBER REFERENCE
ping_funct    11 2233 (E)  ILLEGAL ARRAY REFERENCE
ping_funct    11 2204 (E)  ILLEGAL MEMBER REFERENCE
ping_funct    11 2233 (E)  ILLEGAL ARRAY REFERENCE
ping_funct    12 2204 (E)  ILLEGAL MEMBER REFERENCE
ping_funct    12 2233 (E)  ILLEGAL ARRAY REFERENCE
ping_funct    17 2204 (E)  ILLEGAL MEMBER REFERENCE
ping_funct    17 2233 (E)  ILLEGAL ARRAY REFERENCE
ping_funct    17 2204 (E)  ILLEGAL MEMBER REFERENCE
ping_funct    17 2233 (E)  ILLEGAL ARRAY REFERENCE
ping_funct    18 2204 (E)  ILLEGAL MEMBER REFERENCE
ping_funct    18 2233 (E)  ILLEGAL ARRAY REFERENCE
ping_funct    21 2204 (E)  ILLEGAL MEMBER REFERENCE
ping_funct    24 2204 (E)  ILLEGAL MEMBER REFERENCE
ping_funct    27 2204 (E)  ILLEGAL MEMBER REFERENCE
ping_funct    30 2204 (E)  ILLEGAL MEMBER REFERENCE
ping_funct    33 2204 (E)  ILLEGAL MEMBER REFERENCE
sample.c      22 2225 (E)  UNDECLARED NAME: "ARP_PACKET"
sample.c      22 2225 (E)  UNDECLARED NAME: "arp_packet"
sample.c      23 2225 (E)  UNDECLARED NAME: "UDP_PACKET"
sample.c      23 2225 (E)  UNDECLARED NAME: "udp_packet"
sample.c      24 2500 (E)  ILLEGAL TOKEN: "unsigned"
sample.c      24 2225 (E)  UNDECLARED NAME: "packet_type"
sample.c      25 2500 (E)  ILLEGAL TOKEN: "char"
sample.c      25 2225 (E)  UNDECLARED NAME: "lcd_data"
sample.c      25 2233 (E)  ILLEGAL ARRAY REFERENCE
sample.c      26 2500 (E)  ILLEGAL TOKEN: "int"
sample.c      26 2225 (E)  UNDECLARED NAME: "i"
sample.c      26 2225 (E)  UNDECLARED NAME: "j"
sample.c      26 2225 (E)  UNDECLARED NAME: "k"
sample.c      47 2500 (E)  ILLEGAL TOKEN: ")"
sample.c      48 2500 (E)  ILLEGAL TOKEN: ")"
sample.c      49 2204 (E)  ILLEGAL MEMBER REFERENCE
sample.c      51 2204 (E)  ILLEGAL MEMBER REFERENCE
sample.c      51 2201 (E)  CANNOT CONVERT PARAMETER: "1"
sample.c      53 2204 (E)  ILLEGAL MEMBER REFERENCE
sample.c      59 2204 (E)  ILLEGAL MEMBER REFERENCE
sample.c      61 2204 (E)  ILLEGAL MEMBER REFERENCE
sample.c      61 2201 (E)  CANNOT CONVERT PARAMETER: "1"
sample.c      63 2204 (E)  ILLEGAL MEMBER REFERENCE
sample.c      65 2204 (E)  ILLEGAL MEMBER REFERENCE
sample.c      72 2233 (E)  ILLEGAL ARRAY REFERENCE
sample.c      73 2233 (E)  ILLEGAL ARRAY REFERENCE

NUMBER OF ERRORS:         54 
NUMBER OF WARNINGS:        0 
