H8S,H8/300 SERIES C COMPILER (Ver. 2.0D for Evaluation) 9-Mar-2015  18:37:48  PAGE   1

************ SOURCE LISTING ************

FILE NAME: sample.c

  Seq File        Line Pi 0----+----1----+----2----+----3----+----4----+----5----+----6----+----7----+----8----+----9----+----0----+
    1 sample.c       1     unsigned char src_IP[4]; /* 送信元IPアドレス */
    2 sample.c       2     unsigned char src_MAC[6]; /* 送信元MACアドレス */
    3 sample.c       3     unsigned char dst_IP[4]; /* 宛先IPアドレス */
    4 sample.c       4     unsigned char dst_MAC[6]; /* 宛先MACアドレス */
    5 sample.c       5     unsigned char packet[256]; /* 送受信パケット用 */
    6 sample.c       6     
    7 sample.c       7     #include <string.h>
  105 sample.c       8     #include "H8_register.h"
  172 sample.c       9     #include "H8_register_function.h"
  225 sample.c      10     #include "RTL8019AS_register.h"
  264 sample.c      11     #include "timer_function.h"
  304 sample.c      12     #include "RTL8019AS_function.h"
  514 sample.c      13     #include "lcd_function.h"
  586 sample.c      14     #include "matrix_key_function.h"
  631 sample.c      15     #include "utility_function.h"
  782 sample.c      16     #include "global_variables.h"
  860 sample.c      17     #include "ARP_function.h"
  931 sample.c      18     #include "ping_function.h"
 1029 sample.c      19     
 1030 sample.c      20     void main(void)
 1031 sample.c      21     {
 1032 sample.c      22             ARP_PACKET *arp_packet; /* ARPパケット構造体 */
 1033 sample.c      23             UDP_PACKET *udp_packet; /* pingパケット構造体 */
 1034 sample.c      24             unsigned char packet_type; /* パケットタイプ判定用 */
 1035 sample.c      25             char lcd_data[25];
 1036 sample.c      26             int i,j,k;
 1037 sample.c      27             /* 送信元IPアドレス  10.1.68.160*/
 1038 sample.c      28             src_IP[0]=10;
 1039 sample.c      29             src_IP[1]=1;
 1040 sample.c      30             src_IP[2]=69;
 1041 sample.c      31             src_IP[3]=139;
 1042 sample.c      32     
 1043 sample.c      33             H8_register_init(); /* H8レジスタ初期化・設定 */
 1044 sample.c      34     
 1045 sample.c      35             LCD_init(); /* LCD初期化 */
 1046 sample.c      36     
 1047 sample.c      37             NIC_init(); /* NIC初期化 */
 1048 sample.c      38             LCD_control(0x01);/*LCD clear*/
 1049 sample.c      39             LCD_control(0x80); /* カーソルを1行目の先頭に移動する */
 1050 sample.c      40             ms_timer(1000); /* Wait */
 1051 sample.c      41     
 1052 sample.c      42             while(1){
 1053 sample.c      43                     packet_type = 0;
 1054 sample.c      44                     
 1055 sample.c      45                     if (packet_receive(packet) != 1) /* パケットを受信したとき */
 1056 sample.c      46                     {
 1057 sample.c      47                             arp_packet = (ARP_PACKET *)packet; /* packetをARP_PACKET構造体に当てはめる */
 1058 sample.c      48                             udp_packet = (UDP_PACKET *)packet; /* packetをUDP_PACKET構造体に当てはめる */
 1059 sample.c      49                             if ((arp_packet -> eth_ethernet_type == 0x0806) && 
 1060 sample.c      50                                     /* ARPのパケットのとき */
 1061 sample.c      51                                     (IP_compare(arp_packet -> arp_dst_IP, src_IP) == 0) && 
 1062 sample.c      52                                     /* パケットに記述されている宛先IPアドレスが送信元IPアドレスに一致したとき */
 1063 sample.c      53                                     (arp_packet -> arp_operation == 1)
 1064 sample.c      54                                     /* ARP Requestのとき */
 1065 sample.c      55                                     )
 1066 sample.c      56                             {
 1067 sample.c      57                                     ARP_reply(packet);
 1068 sample.c      58                             }
 1069 sample.c      59                             if ((udp_packet -> eth_ethernet_type == 0x0800) && 
 1070 sample.c      60                                     /* IPのパケットのとき */
 1071 sample.c      61                                     (IP_compare(udp_packet -> ip_dst_IP, src_IP) == 0) && 
 1072 sample.c      62                                     /* パケットに記述されている宛先IPアドレスが送信元IPアドレスに一致したとき */
 1073 sample.c      63                                     (udp_packet -> ip_protocol == 17) && 
 1074 sample.c      64                                     /* ICMPのパケットのとき */
 1075 sample.c      65                                     (udp_packet -> udp_dst_port == 30000)
 1076 sample.c      66                                     /* UDPポートが12345のとき */
 1077 sample.c      67                                     )
 1078 sample.c      68                             {
 1079 sample.c      69                                     LCD_control(0x80);
 1080 sample.c      70                                     for(i=0;i<25;i++)
 1081 sample.c      71                                     {
 1082 sample.c      72                                             if(i<8)lcd_data[i] = packet[42+i];
 1083 sample.c      73                                             else lcd_data[i] = ' ';
 1084 sample.c      74                                     }
 1085 sample.c      75                     LCD_print(lcd_data);
 1086 sample.c      76                     LCD_control(0x80);
 1087 sample.c      77                     ms_timer(1500);
 1088 sample.c      78                             }
 1089 sample.c      79                     }
 1090 sample.c      80             }
 1091 sample.c      81     }
H8S,H8/300 SERIES C COMPILER (Ver. 2.0D for Evaluation) 9-Mar-2015  18:37:48  PAGE   1

******* SECTION SIZE INFORMATION *******

PROGRAM  SECTION(P):                                0x00000DB2 Byte(s)
CONSTANT SECTION(C):                                0x00000000 Byte(s)
DATA     SECTION(D):                                0x00000000 Byte(s)
BSS      SECTION(B):                                0x00000114 Byte(s)

TOTAL PROGRAM  SECTION: 0x00000DB2 Byte(s)
TOTAL CONSTANT SECTION: 0x00000000 Byte(s)
TOTAL DATA     SECTION: 0x00000000 Byte(s)
TOTAL BSS      SECTION: 0x00000114 Byte(s)

    TOTAL PROGRAM SIZE: 0x00000EC6 Byte(s)



** ASSEMBLER/LINKAGE EDITOR LIMITS INFORMATION **

NUMBER OF EXTERNAL REFERENCE  SYMBOLS:        2 
NUMBER OF EXTERNAL DEFINITION SYMBOLS:       30 
NUMBER OF INTERNAL/EXTERNAL SYMBOLS:        122 



********* CPU MODE INFORMATION *********

cpu=300ha
